EN rsoutput NULL D:/PROGRAMOWANIE/Github/rs232/rs232/rsoutput.vhd sub00/vhpl08 1398686712
EN synchronizer NULL D:/PROGRAMOWANIE/Github/rs232/rs232/synchronizer.vhd sub00/vhpl02 1398686706
EN adder NULL D:/PROGRAMOWANIE/Github/rs232/rs232/adder.vhd sub00/vhpl06 1398686710
AR freqdiv behavioral D:/PROGRAMOWANIE/Github/rs232/rs232/Freqdiv.vhd sub00/vhpl01 1398686705
AR rsinput behavioral D:/PROGRAMOWANIE/Github/rs232/rs232/rsinput.vhd sub00/vhpl05 1398686709
EN freqdiv NULL D:/PROGRAMOWANIE/Github/rs232/rs232/Freqdiv.vhd sub00/vhpl00 1398686704
AR rsoutput behavioral D:/PROGRAMOWANIE/Github/rs232/rs232/rsoutput.vhd sub00/vhpl09 1398686713
AR synchronizer behavioral D:/PROGRAMOWANIE/Github/rs232/rs232/synchronizer.vhd sub00/vhpl03 1398686707
AR tapmadl behavioral D:/PROGRAMOWANIE/Github/rs232/rs232/top.vhd sub00/vhpl11 1398686715
AR adder behavioral D:/PROGRAMOWANIE/Github/rs232/rs232/adder.vhd sub00/vhpl07 1398686711
EN rsinput NULL D:/PROGRAMOWANIE/Github/rs232/rs232/rsinput.vhd sub00/vhpl04 1398686708
EN tapmadl NULL D:/PROGRAMOWANIE/Github/rs232/rs232/top.vhd sub00/vhpl10 1398686714
