V3 23
FL D:/PROGRAMOWANIE/Github/rs232/rs232/adder.vhd 2014/04/28.13:09:46 P.20131013
EN work/adder 1398685690 FL D:/PROGRAMOWANIE/Github/rs232/rs232/adder.vhd \
      PB ieee/std_logic_1164 1381692176 PB ieee/NUMERIC_STD 1381692181 \
      PB ieee/STD_LOGIC_UNSIGNED 1381692179
AR work/adder/Behavioral 1398685691 \
      FL D:/PROGRAMOWANIE/Github/rs232/rs232/adder.vhd EN work/adder 1398685690
FL D:/PROGRAMOWANIE/Github/rs232/rs232/Freqdiv.vhd 2014/04/28.13:09:46 P.20131013
EN work/Freqdiv 1398685684 FL D:/PROGRAMOWANIE/Github/rs232/rs232/Freqdiv.vhd \
      PB ieee/std_logic_1164 1381692176 PB ieee/NUMERIC_STD 1381692181
AR work/Freqdiv/Behavioral 1398685685 \
      FL D:/PROGRAMOWANIE/Github/rs232/rs232/Freqdiv.vhd EN work/Freqdiv 1398685684
FL D:/PROGRAMOWANIE/Github/rs232/rs232/rsinput.vhd 2014/04/28.13:48:00 P.20131013
EN work/rsinput 1398685688 FL D:/PROGRAMOWANIE/Github/rs232/rs232/rsinput.vhd \
      PB ieee/std_logic_1164 1381692176 PB ieee/NUMERIC_STD 1381692181
AR work/rsinput/Behavioral 1398685689 \
      FL D:/PROGRAMOWANIE/Github/rs232/rs232/rsinput.vhd EN work/rsinput 1398685688 \
      CP Freqdiv CP synchronizer
FL D:/PROGRAMOWANIE/Github/rs232/rs232/rsoutput.vhd 2014/04/28.13:45:25 P.20131013
EN work/rsoutput 1398685692 FL D:/PROGRAMOWANIE/Github/rs232/rs232/rsoutput.vhd \
      PB ieee/std_logic_1164 1381692176 PB ieee/NUMERIC_STD 1381692181
AR work/rsoutput/Behavioral 1398685693 \
      FL D:/PROGRAMOWANIE/Github/rs232/rs232/rsoutput.vhd EN work/rsoutput 1398685692 \
      CP Freqdiv
FL D:/PROGRAMOWANIE/Github/rs232/rs232/synchronizer.vhd 2014/04/28.13:13:53 P.20131013
EN work/synchronizer 1398685686 \
      FL D:/PROGRAMOWANIE/Github/rs232/rs232/synchronizer.vhd \
      PB ieee/std_logic_1164 1381692176
AR work/synchronizer/Behavioral 1398685687 \
      FL D:/PROGRAMOWANIE/Github/rs232/rs232/synchronizer.vhd \
      EN work/synchronizer 1398685686
FL D:/PROGRAMOWANIE/Github/rs232/rs232/top.vhd 2014/04/28.13:19:42 P.20131013
EN work/tapmadl 1398685694 FL D:/PROGRAMOWANIE/Github/rs232/rs232/top.vhd \
      PB ieee/std_logic_1164 1381692176 PB ieee/NUMERIC_STD 1381692181 \
      PB ieee/STD_LOGIC_UNSIGNED 1381692179
AR work/tapmadl/Behavioral 1398685695 \
      FL D:/PROGRAMOWANIE/Github/rs232/rs232/top.vhd EN work/tapmadl 1398685694 \
      CP rsinput CP adder CP rsoutput
